<?xml version="1.0" encoding="UTF-8"?>
<testsuites name="jest tests" tests="1" failures="0" errors="0" time="86.503">
  <testsuite name="Create App Links Operation" errors="0" failures="0" skipped="0" timestamp="2023-12-26T18:40:05" time="85.298" tests="1">
    <testcase classname="Create App Links Operation should create app links" name="Create App Links Operation should create app links" time="0.147">
    </testcase>
  </testsuite>
</testsuites>